// Jest Snapshot v1, https://goo.gl/fbAQLP

exports[`should render HomePage correctly 1`] = `
<div
  className="page-container"
>
  <Memo(Connect(MealsListFilter)) />
  <Memo(Connect(MealsList)) />
</div>
`;
