// Jest Snapshot v1, https://goo.gl/fbAQLP

exports[`should render Loader correctly 1`] = `
<div
  className="loader-container"
>
  <img
    alt="Loader gif"
    src="loader.gif"
  />
</div>
`;
