// Jest Snapshot v1, https://goo.gl/fbAQLP

exports[`should render NotFoundPage correctly 1`] = `
<div
  className="page-container"
>
  <div
    className="not-found-page"
  >
    <h1>
      404
    </h1>
    <p>
      Not Found!
    </p>
  </div>
</div>
`;
